Building for debugging...
[0/3] Write sources
[1/3] Write swift-version--32010AED7ABC631F.txt
[3/5] Emitting module StackHomeCoreTests
[4/5] Compiling StackHomeCoreTests RecentReviewsWidgetTests.swift
/Users/rubensmachion/repos/Open/stack-connect/Packages/StackHomeCore/Tests/StackHomeCoreTests/RecentReviewsWidgetTests.swift:11:44: warning: main actor-isolated class property 'maxReviews' can not be referenced from a nonisolated autoclosure; this is an error in the Swift 6 language mode
  9 | 
 10 |     func testMaxReviewsIsFive() {
 11 |         XCTAssertEqual(RecentReviewsWidget.maxReviews, 5)
    |                                            `- warning: main actor-isolated class property 'maxReviews' can not be referenced from a nonisolated autoclosure; this is an error in the Swift 6 language mode
 12 |     }
 13 | 

/Users/rubensmachion/repos/Open/stack-connect/Packages/StackHomeCore/Sources/StackHomeCore/Widgets/RecentReviewsWidget.swift:28:23: note: class property declared here
26 | 
27 |     /// Maximum number of reviews surfaced by the widget (TC-035/TC-036).
28 |     public static let maxReviews = 5
   |                       `- note: class property declared here
29 | 
30 |     public static let kind: HomeWidgetKind = .recentReviews
[4/6] Write Objects.LinkFileList
[5/6] Linking StackHomeCorePackageTests
Build complete! (0.82s)
Test Suite 'All tests' started at 2026-06-10 14:59:06.215.
Test Suite 'StackHomeCorePackageTests.xctest' started at 2026-06-10 14:59:06.215.
Test Suite 'AppStatusCategorizerTests' started at 2026-06-10 14:59:06.215.
Test Case '-[StackHomeCoreTests.AppStatusCategorizerTests testAppsWithoutStateAreIgnored]' started.
Test Case '-[StackHomeCoreTests.AppStatusCategorizerTests testAppsWithoutStateAreIgnored]' passed (0.000 seconds).
Test Case '-[StackHomeCoreTests.AppStatusCategorizerTests testCategorizeGroupsReviewStates]' started.
Test Case '-[StackHomeCoreTests.AppStatusCategorizerTests testCategorizeGroupsReviewStates]' passed (0.000 seconds).
Test Case '-[StackHomeCoreTests.AppStatusCategorizerTests testInReviewEntriesExpandsPerPlatform]' started.
Test Case '-[StackHomeCoreTests.AppStatusCategorizerTests testInReviewEntriesExpandsPerPlatform]' passed (0.000 seconds).
Test Case '-[StackHomeCoreTests.AppStatusCategorizerTests testPendingDeveloperReleaseIsAwaitingRelease]' started.
Test Case '-[StackHomeCoreTests.AppStatusCategorizerTests testPendingDeveloperReleaseIsAwaitingRelease]' passed (0.000 seconds).
Test Case '-[StackHomeCoreTests.AppStatusCategorizerTests testReadyForSaleWithActivePhasedIsAwaitingRelease]' started.
Test Case '-[StackHomeCoreTests.AppStatusCategorizerTests testReadyForSaleWithActivePhasedIsAwaitingRelease]' passed (0.000 seconds).
Test Case '-[StackHomeCoreTests.AppStatusCategorizerTests testReadyForSaleWithCompletePhasedIsIgnored]' started.
Test Case '-[StackHomeCoreTests.AppStatusCategorizerTests testReadyForSaleWithCompletePhasedIsIgnored]' passed (0.000 seconds).
Test Case '-[StackHomeCoreTests.AppStatusCategorizerTests testReadyForSaleWithPausedPhasedIsAwaitingRelease]' started.
Test Case '-[StackHomeCoreTests.AppStatusCategorizerTests testReadyForSaleWithPausedPhasedIsAwaitingRelease]' passed (0.000 seconds).
Test Suite 'AppStatusCategorizerTests' passed at 2026-06-10 14:59:06.217.
	 Executed 7 tests, with 0 failures (0 unexpected) in 0.001 (0.001) seconds
Test Suite 'ExpirationAlertMessageTests' started at 2026-06-10 14:59:06.217.
Test Case '-[StackHomeCoreTests.ExpirationAlertMessageTests testExpiredMessageReproducesExactCopy]' started.
Test Case '-[StackHomeCoreTests.ExpirationAlertMessageTests testExpiredMessageReproducesExactCopy]' passed (0.000 seconds).
Test Case '-[StackHomeCoreTests.ExpirationAlertMessageTests testExpiringSoonMessageWithDateIncludesFormattedDate]' started.
Test Case '-[StackHomeCoreTests.ExpirationAlertMessageTests testExpiringSoonMessageWithDateIncludesFormattedDate]' passed (0.001 seconds).
Test Case '-[StackHomeCoreTests.ExpirationAlertMessageTests testExpiringSoonMessageWithoutDateUsesFallbackCopy]' started.
Test Case '-[StackHomeCoreTests.ExpirationAlertMessageTests testExpiringSoonMessageWithoutDateUsesFallbackCopy]' passed (0.000 seconds).
Test Suite 'ExpirationAlertMessageTests' passed at 2026-06-10 14:59:06.218.
	 Executed 3 tests, with 0 failures (0 unexpected) in 0.001 (0.001) seconds
Test Suite 'HomeViewModelEdgeCasesTests' started at 2026-06-10 14:59:06.218.
Test Case '-[StackHomeCoreTests.HomeViewModelEdgeCasesTests testCorruptAccountStorageDoesNotCrash]' started.
Test Case '-[StackHomeCoreTests.HomeViewModelEdgeCasesTests testCorruptAccountStorageDoesNotCrash]' passed (0.000 seconds).
Test Case '-[StackHomeCoreTests.HomeViewModelEdgeCasesTests testCorruptWidgetConfigurationFallsBackToDefaults]' started.
Test Case '-[StackHomeCoreTests.HomeViewModelEdgeCasesTests testCorruptWidgetConfigurationFallsBackToDefaults]' passed (0.000 seconds).
Test Case '-[StackHomeCoreTests.HomeViewModelEdgeCasesTests testEmptyStorageYieldsValidStateOnFreshInstall]' started.
Test Case '-[StackHomeCoreTests.HomeViewModelEdgeCasesTests testEmptyStorageYieldsValidStateOnFreshInstall]' passed (0.000 seconds).
Test Case '-[StackHomeCoreTests.HomeViewModelEdgeCasesTests testFirstAppearanceTriggersSyncAndLoadsWidgets]' started.
Test Case '-[StackHomeCoreTests.HomeViewModelEdgeCasesTests testFirstAppearanceTriggersSyncAndLoadsWidgets]' passed (0.000 seconds).
Test Case '-[StackHomeCoreTests.HomeViewModelEdgeCasesTests testFirstWidgetCannotMoveUp]' started.
Test Case '-[StackHomeCoreTests.HomeViewModelEdgeCasesTests testFirstWidgetCannotMoveUp]' passed (0.000 seconds).
Test Case '-[StackHomeCoreTests.HomeViewModelEdgeCasesTests testLastWidgetCannotMoveDown]' started.
Test Case '-[StackHomeCoreTests.HomeViewModelEdgeCasesTests testLastWidgetCannotMoveDown]' passed (0.000 seconds).
Test Case '-[StackHomeCoreTests.HomeViewModelEdgeCasesTests testProviderGridNeverContainsGooglePlay]' started.
Test Case '-[StackHomeCoreTests.HomeViewModelEdgeCasesTests testProviderGridNeverContainsGooglePlay]' passed (0.000 seconds).
Test Case '-[StackHomeCoreTests.HomeViewModelEdgeCasesTests testSingleExpiredAccountSurfacesOnlyExpiredAlert]' started.
Test Case '-[StackHomeCoreTests.HomeViewModelEdgeCasesTests testSingleExpiredAccountSurfacesOnlyExpiredAlert]' passed (0.001 seconds).
Test Case '-[StackHomeCoreTests.HomeViewModelEdgeCasesTests testSyncingFlagMirroredIntoStateForButtonDisabling]' started.
Test Case '-[StackHomeCoreTests.HomeViewModelEdgeCasesTests testSyncingFlagMirroredIntoStateForButtonDisabling]' passed (0.000 seconds).
Test Case '-[StackHomeCoreTests.HomeViewModelEdgeCasesTests testWidgetLoadFailureIsHandledGracefully]' started.
Test Case '-[StackHomeCoreTests.HomeViewModelEdgeCasesTests testWidgetLoadFailureIsHandledGracefully]' passed (0.000 seconds).
Test Case '-[StackHomeCoreTests.HomeViewModelEdgeCasesTests testZeroAccountsLoadsValidStateWithoutCrash]' started.
Test Case '-[StackHomeCoreTests.HomeViewModelEdgeCasesTests testZeroAccountsLoadsValidStateWithoutCrash]' passed (0.000 seconds).
Test Suite 'HomeViewModelEdgeCasesTests' passed at 2026-06-10 14:59:06.221.
	 Executed 11 tests, with 0 failures (0 unexpected) in 0.002 (0.003) seconds
Test Suite 'HomeViewModelTests' started at 2026-06-10 14:59:06.221.
Test Case '-[StackHomeCoreTests.HomeViewModelTests testAddWidgetAppendsAndPersists]' started.
Test Case '-[StackHomeCoreTests.HomeViewModelTests testAddWidgetAppendsAndPersists]' passed (0.000 seconds).
Test Case '-[StackHomeCoreTests.HomeViewModelTests testAddWidgetDoesNotDuplicateExistingKind]' started.
Test Case '-[StackHomeCoreTests.HomeViewModelTests testAddWidgetDoesNotDuplicateExistingKind]' passed (0.000 seconds).
Test Case '-[StackHomeCoreTests.HomeViewModelTests testAlreadyWarnedExpiringAccountDoesNotRealert]' started.
Test Case '-[StackHomeCoreTests.HomeViewModelTests testAlreadyWarnedExpiringAccountDoesNotRealert]' passed (0.000 seconds).
Test Case '-[StackHomeCoreTests.HomeViewModelTests testDismissExpiredAlertSuppressesItForTheSession]' started.
Test Case '-[StackHomeCoreTests.HomeViewModelTests testDismissExpiredAlertSuppressesItForTheSession]' passed (0.000 seconds).
Test Case '-[StackHomeCoreTests.HomeViewModelTests testDismissExpiredSurfacesExpiringSoonOnNextLoad]' started.
Test Case '-[StackHomeCoreTests.HomeViewModelTests testDismissExpiredSurfacesExpiringSoonOnNextLoad]' passed (0.000 seconds).
Test Case '-[StackHomeCoreTests.HomeViewModelTests testDismissExpiringSoonAlertDoesNotRewarnThisSession]' started.
Test Case '-[StackHomeCoreTests.HomeViewModelTests testDismissExpiringSoonAlertDoesNotRewarnThisSession]' passed (0.000 seconds).
Test Case '-[StackHomeCoreTests.HomeViewModelTests testExpiredTakesPrecedenceOverExpiringSoon]' started.
Test Case '-[StackHomeCoreTests.HomeViewModelTests testExpiredTakesPrecedenceOverExpiringSoon]' passed (0.000 seconds).
Test Case '-[StackHomeCoreTests.HomeViewModelTests testExpiringSoonAlertWhenNothingExpired]' started.
Test Case '-[StackHomeCoreTests.HomeViewModelTests testExpiringSoonAlertWhenNothingExpired]' passed (0.000 seconds).
Test Case '-[StackHomeCoreTests.HomeViewModelTests testFreshInstallHasNoWidgets]' started.
Test Case '-[StackHomeCoreTests.HomeViewModelTests testFreshInstallHasNoWidgets]' passed (0.000 seconds).
Test Case '-[StackHomeCoreTests.HomeViewModelTests testIsLoadingTransitionsDuringLoadDashboard]' started.
Test Case '-[StackHomeCoreTests.HomeViewModelTests testIsLoadingTransitionsDuringLoadDashboard]' passed (0.000 seconds).
Test Case '-[StackHomeCoreTests.HomeViewModelTests testLoadsConfigurationsFromPreferences]' started.
Test Case '-[StackHomeCoreTests.HomeViewModelTests testLoadsConfigurationsFromPreferences]' passed (0.000 seconds).
Test Case '-[StackHomeCoreTests.HomeViewModelTests testMoveOutOfBoundsDoesNotCrash]' started.
Test Case '-[StackHomeCoreTests.HomeViewModelTests testMoveOutOfBoundsDoesNotCrash]' passed (0.000 seconds).
Test Case '-[StackHomeCoreTests.HomeViewModelTests testMoveToSameIndexIsNoOp]' started.
Test Case '-[StackHomeCoreTests.HomeViewModelTests testMoveToSameIndexIsNoOp]' passed (0.000 seconds).
Test Case '-[StackHomeCoreTests.HomeViewModelTests testMoveWidgetDownReorders]' started.
Test Case '-[StackHomeCoreTests.HomeViewModelTests testMoveWidgetDownReorders]' passed (0.000 seconds).
Test Case '-[StackHomeCoreTests.HomeViewModelTests testMoveWidgetUpReorders]' started.
Test Case '-[StackHomeCoreTests.HomeViewModelTests testMoveWidgetUpReorders]' passed (0.000 seconds).
Test Case '-[StackHomeCoreTests.HomeViewModelTests testNoExpirationProducesNoAlert]' started.
Test Case '-[StackHomeCoreTests.HomeViewModelTests testNoExpirationProducesNoAlert]' passed (0.000 seconds).
Test Case '-[StackHomeCoreTests.HomeViewModelTests testOnStateChangedFiresForWidgetMutations]' started.
Test Case '-[StackHomeCoreTests.HomeViewModelTests testOnStateChangedFiresForWidgetMutations]' passed (0.000 seconds).
Test Case '-[StackHomeCoreTests.HomeViewModelTests testRemoveWidgetReturnsItToAddAndPersists]' started.
Test Case '-[StackHomeCoreTests.HomeViewModelTests testRemoveWidgetReturnsItToAddAndPersists]' passed (0.000 seconds).
Test Case '-[StackHomeCoreTests.HomeViewModelTests testSyncCompletionReloadsDashboard]' started.
Test Case '-[StackHomeCoreTests.HomeViewModelTests testSyncCompletionReloadsDashboard]' passed (0.051 seconds).
Test Case '-[StackHomeCoreTests.HomeViewModelTests testTriggerSyncDelegatesToPipeline]' started.
Test Case '-[StackHomeCoreTests.HomeViewModelTests testTriggerSyncDelegatesToPipeline]' passed (0.000 seconds).
Test Case '-[StackHomeCoreTests.HomeViewModelTests testWidgetConfigurationSurvivesRestart]' started.
Test Case '-[StackHomeCoreTests.HomeViewModelTests testWidgetConfigurationSurvivesRestart]' passed (0.000 seconds).
Test Suite 'HomeViewModelTests' passed at 2026-06-10 14:59:06.276.
	 Executed 21 tests, with 0 failures (0 unexpected) in 0.054 (0.055) seconds
Test Suite 'RecentReviewsWidgetTests' started at 2026-06-10 14:59:06.276.
Test Case '-[StackHomeCoreTests.RecentReviewsWidgetTests testFewerThanFiveAcrossAccountsReturnAll]' started.
Test Case '-[StackHomeCoreTests.RecentReviewsWidgetTests testFewerThanFiveAcrossAccountsReturnAll]' passed (0.000 seconds).
Test Case '-[StackHomeCoreTests.RecentReviewsWidgetTests testLoadCapsAtFiveMostRecent]' started.
Test Case '-[StackHomeCoreTests.RecentReviewsWidgetTests testLoadCapsAtFiveMostRecent]' passed (0.000 seconds).
Test Case '-[StackHomeCoreTests.RecentReviewsWidgetTests testLoadExcludesArchivedAppReviews]' started.
Test Case '-[StackHomeCoreTests.RecentReviewsWidgetTests testLoadExcludesArchivedAppReviews]' passed (0.000 seconds).
Test Case '-[StackHomeCoreTests.RecentReviewsWidgetTests testLoadOnStoreFailureIsNonBlockingAndClearsLoading]' started.
Test Case '-[StackHomeCoreTests.RecentReviewsWidgetTests testLoadOnStoreFailureIsNonBlockingAndClearsLoading]' passed (0.002 seconds).
Test Case '-[StackHomeCoreTests.RecentReviewsWidgetTests testLoadOnStoreFailureResetsDataToEmpty]' started.
Test Case '-[StackHomeCoreTests.RecentReviewsWidgetTests testLoadOnStoreFailureResetsDataToEmpty]' passed (0.000 seconds).
Test Case '-[StackHomeCoreTests.RecentReviewsWidgetTests testMaxReviewsIsFive]' started.
Test Case '-[StackHomeCoreTests.RecentReviewsWidgetTests testMaxReviewsIsFive]' passed (0.000 seconds).
Test Case '-[StackHomeCoreTests.RecentReviewsWidgetTests testMultiAccountAggregationCapsAtFiveMostRecent]' started.
Test Case '-[StackHomeCoreTests.RecentReviewsWidgetTests testMultiAccountAggregationCapsAtFiveMostRecent]' passed (0.000 seconds).
Test Case '-[StackHomeCoreTests.RecentReviewsWidgetTests testSortByDateDescendingAcrossAccounts]' started.
Test Case '-[StackHomeCoreTests.RecentReviewsWidgetTests testSortByDateDescendingAcrossAccounts]' passed (0.000 seconds).
Test Case '-[StackHomeCoreTests.RecentReviewsWidgetTests testSortIsStableOnEqualDates]' started.
Test Case '-[StackHomeCoreTests.RecentReviewsWidgetTests testSortIsStableOnEqualDates]' passed (0.000 seconds).
Test Suite 'RecentReviewsWidgetTests' passed at 2026-06-10 14:59:06.280.
	 Executed 9 tests, with 0 failures (0 unexpected) in 0.003 (0.004) seconds
Test Suite 'StarRatingFormatterTests' started at 2026-06-10 14:59:06.280.
Test Case '-[StackHomeCoreTests.StarRatingFormatterTests testFilledCountClamps]' started.
Test Case '-[StackHomeCoreTests.StarRatingFormatterTests testFilledCountClamps]' passed (0.000 seconds).
Test Case '-[StackHomeCoreTests.StarRatingFormatterTests testStarStringAlwaysFiveGlyphs]' started.
Test Case '-[StackHomeCoreTests.StarRatingFormatterTests testStarStringAlwaysFiveGlyphs]' passed (0.000 seconds).
Test Case '-[StackHomeCoreTests.StarRatingFormatterTests testStarStringClampsOutOfRangeRatings]' started.
Test Case '-[StackHomeCoreTests.StarRatingFormatterTests testStarStringClampsOutOfRangeRatings]' passed (0.000 seconds).
Test Case '-[StackHomeCoreTests.StarRatingFormatterTests testStarStringForEachRating]' started.
Test Case '-[StackHomeCoreTests.StarRatingFormatterTests testStarStringForEachRating]' passed (0.000 seconds).
Test Suite 'StarRatingFormatterTests' passed at 2026-06-10 14:59:06.280.
	 Executed 4 tests, with 0 failures (0 unexpected) in 0.000 (0.001) seconds
Test Suite 'SyncServiceGatingTests' started at 2026-06-10 14:59:06.280.
Test Case '-[StackHomeCoreTests.SyncServiceGatingTests testAppleSideEffectsNotInvokedWhenNoAppleAccounts]' started.
Test Case '-[StackHomeCoreTests.SyncServiceGatingTests testAppleSideEffectsNotInvokedWhenNoAppleAccounts]' passed (0.001 seconds).
Test Case '-[StackHomeCoreTests.SyncServiceGatingTests testCombineImportsAreGatedBehindCanImport]' started.
Test Case '-[StackHomeCoreTests.SyncServiceGatingTests testCombineImportsAreGatedBehindCanImport]' passed (0.011 seconds).
Test Case '-[StackHomeCoreTests.SyncServiceGatingTests testHomeWidgetProtocolHasNoMakeView]' started.
Test Case '-[StackHomeCoreTests.SyncServiceGatingTests testHomeWidgetProtocolHasNoMakeView]' passed (0.002 seconds).
Test Case '-[StackHomeCoreTests.SyncServiceGatingTests testNoForbiddenPlatformImports]' started.
Test Case '-[StackHomeCoreTests.SyncServiceGatingTests testNoForbiddenPlatformImports]' passed (0.019 seconds).
Test Case '-[StackHomeCoreTests.SyncServiceGatingTests testSyncServiceAndHomeViewModelHaveNoForbiddenImports]' started.
Test Case '-[StackHomeCoreTests.SyncServiceGatingTests testSyncServiceAndHomeViewModelHaveNoForbiddenImports]' passed (0.008 seconds).
Test Case '-[StackHomeCoreTests.SyncServiceGatingTests testSyncServicePublicStateApiRequiresNoCombine]' started.
Test Case '-[StackHomeCoreTests.SyncServiceGatingTests testSyncServicePublicStateApiRequiresNoCombine]' passed (0.000 seconds).
Test Suite 'SyncServiceGatingTests' passed at 2026-06-10 14:59:06.321.
	 Executed 6 tests, with 0 failures (0 unexpected) in 0.041 (0.041) seconds
Test Suite 'SyncServiceTests' started at 2026-06-10 14:59:06.321.
Test Case '-[StackHomeCoreTests.SyncServiceTests testConcurrentSyncAllCallsAreCoalesced]' started.
Test Case '-[StackHomeCoreTests.SyncServiceTests testConcurrentSyncAllCallsAreCoalesced]' passed (0.001 seconds).
Test Case '-[StackHomeCoreTests.SyncServiceTests testInProgressCountReflectsActiveAccounts]' started.
Test Case '-[StackHomeCoreTests.SyncServiceTests testInProgressCountReflectsActiveAccounts]' passed (0.001 seconds).
Test Case '-[StackHomeCoreTests.SyncServiceTests testNoAppleAccountsKeepsInProgressEmpty]' started.
Test Case '-[StackHomeCoreTests.SyncServiceTests testNoAppleAccountsKeepsInProgressEmpty]' passed (0.000 seconds).
Test Case '-[StackHomeCoreTests.SyncServiceTests testSequentialSyncAllCallsBothExecute]' started.
Test Case '-[StackHomeCoreTests.SyncServiceTests testSequentialSyncAllCallsBothExecute]' passed (0.000 seconds).
Test Case '-[StackHomeCoreTests.SyncServiceTests testSideEffectsAreInvoked]' started.
Test Case '-[StackHomeCoreTests.SyncServiceTests testSideEffectsAreInvoked]' passed (0.000 seconds).
Test Case '-[StackHomeCoreTests.SyncServiceTests testStatesStreamReplaysCurrentAndYieldsTransitions]' started.
Test Case '-[StackHomeCoreTests.SyncServiceTests testStatesStreamReplaysCurrentAndYieldsTransitions]' passed (0.000 seconds).
Test Case '-[StackHomeCoreTests.SyncServiceTests testStateTransitionsIdleToSyncingToIdle]' started.
Test Case '-[StackHomeCoreTests.SyncServiceTests testStateTransitionsIdleToSyncingToIdle]' passed (0.000 seconds).
Test Suite 'SyncServiceTests' passed at 2026-06-10 14:59:06.325.
	 Executed 7 tests, with 0 failures (0 unexpected) in 0.003 (0.003) seconds
Test Suite 'StackHomeCorePackageTests.xctest' passed at 2026-06-10 14:59:06.325.
	 Executed 68 tests, with 0 failures (0 unexpected) in 0.106 (0.109) seconds
Test Suite 'All tests' passed at 2026-06-10 14:59:06.325.
	 Executed 68 tests, with 0 failures (0 unexpected) in 0.106 (0.110) seconds
􀟈  Test run started.
􀄵  Testing Library Version: 1743
􀄵  Target Platform: arm64e-apple-macos14.0
􁁛  Test run with 0 tests in 0 suites passed after 0.001 seconds.
